1985 0
1990 0
386 0
390 0
add-on 0
adobe 0
associated 0
available 0
boot 0
care 0
carnel 0
carrying 0
company 0
compatible 0
configuration 0
console 0
constituents 0
convenience 0
credit 0
database 0
desktop 0
develop 0
developers 0
distributions 0
elephant 0
embedded 0
enterprise 0
environments 0
equivalent 0
exist 0
experts 0
free 0
freely 0
gaming 0
gnome 0
gnu 0
graphical 0
helsinki 0
ibm 0
image 0
intel 0
karnel 0
kde 0
kernel 0
lamp 0
lemke 0
lemmke 0
libraries 0
license 0
linus 0
linux 0
logo 0
mac 0
manager 0
mark 0
microsoft 0
minix 0
mobile 0
naming 0
needed 0
nt 0
operated 0
operating 0
os 0
pearl 0
phone 0
polluted 0
previously 0
processor 0
publishing 0
purpose 0
rail 0
running 0
separately 0
shell 0
so-called 0
software 0
softwares 0
subsidiary 0
systems 0
task 0
torvalds 0
tux 0
ubuntu 0
unix 0
unix-like 0
usefulness 0
vista 0
window 0
windows 0
wine 0
working 0
x 0
xp 0
100 1
1 1
18 1
250 1
2.5 1
30 1
34 1
35 1
42 1
44 1
45 1
46 1
50,000 1
5 1
60 1
6 1
70 1
74 1
75 1
80 1
80.5 1
97 1
98 1
ago 1
almost 1
americans 1
approximate 1
approximately 1
around 1
camps 1
continents 1
core 1
crore 1
crores 1
crossed 1
denoted 1
devastating 1
died 1
distance 1
double 1
every 1
everyday 1
hundreds 1
indians 1
just 1
lakh 1
lakhs 1
little 1
live 1
lives 1
living 1
migration 1
million 1
millions 1
multiple 1
native 1
nearly 1
number 1
people 1
peoples 1
persons 1
population 1
refugees 1
reserved 1
reside 1
route 1
sign 1
square 1
stays 1
survey 1
thirty 1
thousand 1
thousands 1
tongue 1
years 1
50 2
acquired 2
additionally 2
african 2
airways 2
amendment 2
america 2
american 2
arm 2
bilingual 2
british 2
canada 2
captured 2
cartier 2
chartered 2
christopher 2
citizens 2
collectively 2
colonialism 2
colonies 2
colony 2
columbus 2
consisting 2
continental 2
countries 2
currently 2
defeating 2
dutch 2
england 2
establish 2
establishment 2
european 2
europeans 2
exists 2
explorer 2
federal 2
fifty 2
governed 2
hawaii 2
hemisphere 2
indigenous 2
ireland 2
isles 2
israel 2
italy 2
kingdom 2
legally 2
lmi 2
map 2
massachusetts 2
mexico 2
multicultural 2
name 2
nation 2
netherlands 2
new 2
permanent 2
portugal 2
presently 2
probably 2
puerto 2
reached 2
refer 2
renamed 2
resident 2
rico 2
</s> 2
settlers 2
seventh 2
signing 2
spain 2
st. 2
states 2
step 2
submarines 2
telegram 2
texas 2
third 2
thirteen 2
thirteenth 2
trademark 2
uk 2
un 2
united 2
u.s. 2
usa 2
washington 2
york 2
zealand 2
1946 3
abacus 3
analog 3
analogue 3
architecture 3
attempt 3
bit 3
calculating 3
calculator 3
calculus 3
capable 3
chemistry 3
chip 3
circuit 3
circuits 3
commercial 3
computer 3
computers 3
computing 3
construction 3
contributions 3
design 3
desired 3
developed 3
device 3
digital 3
economically 3
electro 3
electro-mechanical 3
electromechanical 3
expected 3
flight 3
formal 3
gottfried 3
groups 3
hence 3
household 3
hybrid 3
improved 3
invented 3
inventing 3
invention 3
laboratories 3
launching 3
leibniz 3
level 3
machine 3
machineries 3
machinery 3
machines 3
magnetic 3
magnetron 3
mainframe 3
manufactured 3
mathematician 3
mathematicians 3
mechanical 3
micro 3
microelectronic 3
microprocessor 3
mini 3
modern 3
modulation 3
motor 3
pascal 3
paul 3
pc 3
performance 3
personal 3
primarily 3
print 3
quantum 3
ram 3
recently 3
reckoning 3
research 3
researches 3
science 3
scientific 3
shaped 3
shared 3
shown 3
skills 3
speed 3
starting 3
such 3
super 3
techniques 3
technology 3
telecommunication 3
testing 3
tools 3
transistors 3
ultra 3
unique 3
usage 3
von 3
wave 3
well 3
well-known 3
1000 4
1916 4
2,00,000 4
360 4
4.4 4
71 4
8.5 4
95 4
abscess 4
animals 4
anus 4
arousal 4
artificial 4
aryabhatta 4
atleast 4
biological 4
both 4
breadth 4
breast 4
canal 4
cervix 4
cleaning 4
clitoris 4
cm 4
covers 4
custom 4
degrees 4
diameter 4
differs 4
dividing 4
e. 4
each 4
effective 4
eighteen 4
either 4
ejaculates 4
enjoy 4
entry 4
excited 4
female 4
females 4
finger 4
fingers 4
flexible 4
fluids 4
folds 4
girls 4
glands 4
hand 4
hands 4
handsex 4
inner 4
inserted 4
inserting 4
inside 4
j. 4
kissing 4
lady 4
least 4
length 4
licking 4
liquid 4
lubricating 4
lubrication 4
lumps 4
male 4
mammals 4
masterbation 4
masturbate 4
masturbated 4
masturbating 4
masturbation 4
mating 4
membrane 4
men 4
moving 4
mucus 4
mutual 4
normal 4
opening 4
organ 4
organs 4
ovum 4
own 4
partner 4
passes 4
penetrating 4
penetration 4
penis 4
performed 4
pregnant 4
produces 4
prostate 4
proved 4
regulated 4
reproductive 4
reptiles 4
rubbing 4
seconds 4
secretion 4
secrets 4
semen 4
sex 4
sexually 4
shaking 4
shows 4
sometime 4
sperm 4
stands 4
stimulated 4
stimulation 4
straight 4
their 4
thin 4
tissue 4
touch 4
touching 4
train 4
two-thirds 4
upper 4
urge 4
usually 4
uterus 4
vagina 4
vaginal 4
vibrator 4
vulva 4
wall 4
walls 4
wash 4
weeks 4
wise 4
woman 4
women 4
, 5
‘ 5
’ 5
achievements 5
agra 5
among 5
amongst 5
andhra 5
architectural 5
architectures 5
attained 5
automobiles 5
ballal 5
bbc 5
birth> 5
bright 5
broadcasting 5
btv 5
buddha 5
cars 5
channels 5
chapter 5
chess 5
christmas 5
coal 5
color 5
comprehensive 5
cooking 5
dance 5
dances 5
dancing 5
descriptive 5
desh 5
dialogue 5
diamond 5
discovery 5
diversity 5
dramas 5
empty 5
epics 5
etc 5
faraday 5
forms 5
ganesh 5
gujarat 5
holds 5
hugely 5
immense 5
include 5
including 5
induction 5
jayanti 5
jointly 5
kannada 5
karnataka 5
kerala 5
lion 5
manipuri 5
marathi 5
maxwell 5
mention 5
mentionable 5
mentioning 5
music 5
mythological 5
notable 5
ore 5
orissa 5
popular 5
pradesh 5
ramna 5
regional 5
remarkable 5
robot 5
rockefeller 5
s 5
sangbad 5
sangeet 5
selling 5
speciality 5
specialty 5
styles 5
successfully 5
sun 5
tamil 5
telegu 5
television 5
terrestrial 5
traditional 5
trophy 5
tv 5
unicef 5
variety 5
volume 5
voted 5
worth 5
1950s 6
1991 6
20th 6
54 6
achieved 6
advanced 6
arena 6
been 6
centuries 6
comparatively 6
decade 6
decades 6
expansion 6
fastest 6
fifth 6
growing 6
half 6
has 6
in 6
increased 6
india 6
its 6
latter 6
nuclear 6
past 6
popularity 6
power 6
powerful 6
progress 6
prosperity 6
rapid 6
rapidly 6
recent 6
reconstructed 6
reduced 6
reforms 6
richest 6
second 6
smiling 6
technologically 6
terms 6
twentieth 6
twenty 6
underground 6
us 6
world 6
worldwide 6
absence 7
achieve 7
activity 7
adopt 7
adverse 7
an 7
attracted 7
automatically 7
bartholin 7
becomes 7
biting 7
bodily 7
body 7
case 7
climax 7
come 7
comes 7
conflict 7
copulation 7
create 7
creatures 7
criminal 7
desire 7
ejaculation 7
enjoyment 7
excitement 7
existence 7
expands 7
extreme 7
false 7
foreplay 7
friction 7
fungus 7
gets 7
giving 7
gland 7
goes 7
g-spot 7
habit 7
happens 7
happiness 7
holding 7
hymen 7
illegal 7
intercourse 7
kinds 7
lila 7
looks 7
lust 7
males 7
man 7
meets 7
mouth 7
needs 7
normally 7
objective 7
opened 7
opposite 7
organisms 7
orgasm 7
orthodox 7
paying 7
perform 7
perversion 7
physical 7
pleasure 7
possibility 7
pregnancy 7
procreate 7
reach 7
reasons 7
reduce 7
reduces 7
releasing 7
remains 7
reproduce 7
reproduction 7
researchers 7
result 7
ruptured 7
sexual 7
sexuality 7
shape 7
skin 7
sky 7
sperms 7
starts 7
takes 7
target 7
transmitted 7
tube 7
ultimate 7
usual 7
way 7
ways 7
whether 7
zero 7
13th 8
1789 8
1800 8
18th 8
384 8
500 8
6th 8
700 8
a.d 8
a.d. 8
ad 8
age 8
ages 8
ajanta 8
ancient 8
appeared 8
architect 8
aristotle 8
basin 8
b.c 8
b.c. 8
bc 8
bce 8
cave 8
ce 8
century 8
chinese 8
civilisation 8
civilization 8
civilizations 8
clay 8
commenced 8
discovered 8
egypt 8
egyptian 8
egyptians 8
entering 8
era 8
evidence 8
evidences 8
farasee 8
flourished 8
from 8
golden 8
greek 8
grown 8
heritage 8
history 8
indus 8
khaldun 8
lakes 8
magadhi 8
maharashtra 8
maurya 8
mid 8
middle 8
nineteenth 8
old 8
painting 8
paintings 8
periods 8
persian 8
pillar 8
prehistoric 8
preserved 8
primitive 8
prokousal 8
rock 8
scattered 8
seventeenth 8
tales 8
till 8
traders 8
until 8
vedic 8
11 9
13 9
1964 9
1968 9
1975 9
1979 9
1980 9
1982 9
1986 9
1987 9
1992 9
1995 9
2006 9
29 9
3 9
– 9
album 9
albums 9
april 9
award 9
awarded 9
awards 9
black 9
blue 9
businessman 9
children 9
civilian 9
columbia 9
conquer 9
dangerous 9
date 9
day 9
death 9
destruction 9
document 9
dominion 9
expanding 9
expired 9
fame 9
first 9
former 9
happened 9
holiday 9
hour 9
incident 9
independance 9
jackson 9
joseph 9
julius 9
la 9
landed 9
maria 9
martin 9
mexican 9
michael 9
michel 9
minute 9
moon 9
mourning 9
mtv 9
oscar 9
peter 9
pop 9
prestigious 9
race 9
ratna 9
received 9
records 9
rest 9
retired 9
scenario 9
shortly 9
showing 9
singer 9
singing 9
solo 9
swedish 9
three 9
venice 9
won 9
1913 10
1993 10
academic 10
academy 10
art 10
arts 10
azad 10
basu 10
basudev 10
bazle 10
bose 10
chandra 10
choto 10
classical 10
commemorate 10
compose 10
composing 10
conferred 10
cultivation 10
dasgupta 10
dedicated 10
depicted 10
doctor 10
doctorate 10
dr. 10
drama 10
earned 10
edward 10
eminent 10
equally 10
exile 10
expert 10
familiar 10
famous 10
festival 10
fine 10
folk 10
fr 10
gatherings 10
ghatak 10
globe 10
hafiz 10
hall 10
hind 10
historic 10
honor 10
honorary 10
honour 10
idol 10
inception 10
introduction 10
jagannath 10
jerry 10
karim 10
katra 10
lahiri 10
lato 10
learned 10
learning 10
learnt 10
leto 10
literacy 10
literary 10
literature 10
littérateur 10
litterateurs 10
lover 10
maintained 10
maqtab 10
mathrun 10
mazar 10
minds 10
mosque 10
motion 10
nagendranath 10
nath 10
oxford 10
personality 10
philosophy 10
platonism 10
poet 10
poetry 10
poets 10
practicing 10
prasad 10
publisher 10
puja 10
punjabi 10
rabindra 10
ranjan 10
rebellious 10
relative 10
renowned 10
respected 10
revolutionary 10
shantiniketan 10
songs 10
studied 10
subhas 10
supervision 10
targets 10
teacher 10
teachers 10
theater 10
thinking 10
visiting 10
who 10
wish 10
.. 11
1959 11
37 11
acknowledged 11
acted 11
actor 11
actors 11
actress 11
affirmative 11
akira 11
alien 11
amal 11
anderson 11
andrew 11
answer 11
aparajito 11
aparna 11
apparently 11
appreciated 11
apu 11
apur 11
aranyer 11
artist 11
artists 11
attention 11
audience 11
bagha 11
bandopadhyay 11
banerjee 11
bangshi 11
bansi 11
best 11
bibhuti 11
biciclette 11
bijoya 11
binod 11
bollywood 11
brando 11
brother 11
camera 11
career 11
cast 11
casting 11
chalachitra 11
challenge 11
chandragupta 11
chaplin 11
character 11
characters 11
charlie 11
charu 11
charulata 11
chattopadhyay 11
cinema 11
cinemas 11
cinematic 11
claimed 11
classic 11
colour 11
comedy 11
commented 11
companion 11
compare 11
complained 11
completed 11
completion 11
conjecture 11
copies 11
cousin 11
creative 11
critic 11
critics 11
das 11
debi 11
deeply 11
designed 11
designer 11
details 11
detective 11
di 11
din 11
directed 11
direction 11
directions 11
director 11
directors 11
diwali 11
documentary 11
don 11
draw 11
drew 11
dulal 11
duration 11
durga 11
dutta 11
editing 11
enthusiastic 11
episode 11
evil 11
expensive 11
experiences 11
eye 11
eyes 11
faced 11
favorite 11
favourite 11
felt 11
feluda 11
fiction 11
film 11
filming 11
filmmaker 11
films 11
finished 11
flawless 11
ghosh 11
godard 11
goddess 11
goopy 11
goutam 11
grandfather 11
graphic 11
gupi 11
helped 11
hero 11
highly 11
hit 11
humanism 11
humanity 11
impression 11
indoor 11
indranath 11
inspired 11
instance 11
integral 11
italian 11
james 11
jean 11
jean-luc 11
joy 11
judge 11
kali 11
kanya 11
kella 11
khiladi 11
kumar 11
kurosawa 11
ladri 11
legend 11
light 11
lights 11
looked 11
lot 11
lyrics 11
made 11
madhabi 11
mahapurush 11
maker 11
makers 11
marlon 11
mitra 11
mood 11
movie 11
movies 11
mrinal 11
mukherjee 11
mukhopadhyay 11
musical 11
musicians 11
non-bengali 11
pachali 11
paid 11
painter 11
panchali 11
pather 11
personalities 11
phase 11
photograph 11
picture 11
pioneering 11
play 11
praise 11
praised 11
pratidwandi 11
premchand 11
produced 11
rabindranath 11
rare 11
ratan 11
ratri 11
ray 11
realised 11
really 11
regard 11
remarked 11
remembering 11
renoir 11
robin 11
robinson 11
roy 11
's 11
s. 11
sacred 11
sadgati 11
salman 11
sansar 11
satyajit 11
saying 11
scene 11
scenes 11
screen 11
screenplay 11
script 11
scripts 11
sen 11
series 11
serious 11
shades 11
shakespeare 11
sharmila 11
shooting 11
shot 11
sight 11
sir 11
slow 11
soft 11
sonar 11
stamp 11
star 11
stars 11
story 11
subrata 11
subroto 11
success 11
successful 11
sukumar 11
t 11
tagore 11
talent 11
technicians 11
teen 11
tension 11
thakur 11
trilogy 11
truffaut 11
upendrakishore 11
uttam 11
viewers 11
vision 11
watch 11
watching 11
wood 11
+ 12
a 12
adams 12
advantage 12
another 12
assembled 12
base 12
basis 12
c 12
co 12
code 12
codes 12
collect 12
complete 12
controllers 12
converted 12
counter 12
cover 12
directly 12
documentation 12
drawing 12
effort 12
emulator 12
endeavor 12
ending 12
execution 12
feature 12
finally 12
followed 12
foundation 12
function 12
gather 12
generic 12
gonu 12
gpl 12
hard 12
hurd 12
ignored 12
improvement 12
incredible 12
independently 12
ingredient 12
initial 12
initially 12
inspiration 12
instructions 12
java 12
job 12
latest 12
library 12
likely 12
limit 12
magnus 12
making 12
managed 12
mit 12
net 12
niazi 12
o 12
object 12
oriented 12
platform 12
portability 12
preparation 12
prepared 12
preparing 12
preserve 12
press 12
program 12
programing 12
programmers 12
programming 12
programs 12
project 12
removed 12
request 12
richard 12
run 12
sellers 12
separate 12
short 12
simultaneously 12
single 12
stallman 12
steps 12
subsequently 12
supporting 12
syntax 12
taken 12
technologists 12
terminal 12
threads 12
together 12
transformed 12
verdict 12
versions 12
wanted 12
work 12
write 12
1936 13
80s 13
bachelor 13
basically 13
benefit 13
biomedical 13
california 13
cambridge 13
certificate 13
college 13
curriculum 13
degree 13
designs 13
division 13
education 13
educational 13
electric 13
electrical 13
electricity 13
engineer 13
engineering 13
engineers 13
excellent 13
graduate 13
graduation 13
high 13
higher 13
hypothesis 13
ic 13
institute 13
institutes 13
institution 13
kg 13
mainly 13
medical 13
medium 13
physics 13
primary 13
pritilata 13
private 13
professional 13
professionalism 13
public 13
radar 13
santa 13
school 13
schools 13
sculptor 13
spencer 13
stage 13
study 13
supervise 13
syllabus 13
thomas 13
universities 13
university 13
whose 13
works 13
1966 14
1994 14
accident 14
achievement 14
acquire 14
affair 14
afraid 14
afternoon 14
alexander 14
anyway 14
arrange 14
atarneus 14
athens 14
attain 14
baire 14
becoming 14
biswas 14
bride 14
causing 14
chance 14
childhood 14
chobi 14
clerk 14
coming 14
completing 14
concentration 14
concern 14
corruption 14
couple 14
crime 14
darjeeling 14
dear 14
detail 14
devi 14
divorced 14
during 14
earn 14
exactly 14
exposed 14
family 14
final 14
finishing 14
firstly 14
fled 14
forget 14
gain 14
gathered 14
gave 14
generations 14
ghare 14
girl 14
got 14
he 14
her 14
him 14
his 14
homage 14
home 14
hotel 14
husband 14
ill 14
illness 14
improve 14
inability 14
indifferent 14
informed 14
intense 14
internationally 14
involved 14
last 14
later 14
lead 14
leave 14
lecture 14
life 14
lifetime 14
lived 14
loose 14
lost 14
love 14
maktab 14
mansion 14
marriage 14
married 14
mental 14
mentally 14
minutes 14
naxalite 14
next 14
pay 14
philip 14
plato 14
poor 14
promila 14
question 14
questions 14
reaching 14
recovered 14
resort 14
revealed 14
russel 14
sandip 14
santiniketan 14
savings 14
saw 14
secret 14
senior 14
she 14
shoot 14
situations 14
son 14
sons 14
span 14
spend 14
spending 14
spent 14
stay 14
stranger 14
suddenly 14
teaching 14
travel 14
uncle 14
visit 14
watched 14
week 14
whom 14
wife 14
william 14
wishes 14
young 14
1907 15
1937 15
1940 15
1943 15
1989 15
a. 15
abdul 15
abu 15
acting 15
adda 15
advertising 15
ahamed 15
ahmad 15
ahmed 15
a.k. 15
akbar 15
ali 15
asansol 15
bangiya 15
basundhara 15
begum 15
bharati 15
bharatiya 15
bhasani 15
bhavan 15
bidhan 15
block 15
bongobondhu 15
brothers 15
ceremony 15
charge 15
chosen 15
close 15
companions 15
d. 15
daughter 15
dhak 15
d.j. 15
dr 15
editor 15
elder 15
extraordinary 15
fazlul 15
flag 15
friend 15
gandhi 15
grave 15
guard 15
gupta 15
hamid 15
haq 15
haque 15
hirok 15
honorable 15
hossain 15
house 15
hussain 15
indira 15
invitation 15
invited 15
jawaharlal 15
joining 15
journalism 15
journalist 15
junior 15
k 15
k. 15
kaji 15
kazi 15
kill 15
leaves 15
leaving 15
left 15
lt. 15
mahatma 15
master 15
met 15
mohammad 15
motahar 15
muezzin 15
mujaffar 15
najrul 15
nargis 15
nehru 15
nurul 15
occasion 15
office 15
oxygen 15
participated 15
participating 15
politician 15
prime-minister 15
prisoner 15
publicity 15
raja 15
red 15
refused 15
requested 15
requesting 15
responsibilities 15
sahid 15
sahitya 15
samiti 15
sang 15
sayed 15
served 15
shaheed 15
shahidullah 15
shake 15
signet 15
silence 15
sing 15
sister 15
sisters 15
sub-division 15
syed 15
tajuddin 15
vasani 15
wooden 15
worked 15
younger 15
youngest 15
* 16
& 16
208.77.188.166 16
abc 16
access 16
accounting 16
actually 16
adding 16
address 16
addresses 16
agent 16
application 16
arpanet 16
assigning 16
attributes 16
b 16
baby 16
bind 16
board 16
byte 16
can 16
capacity 16
card 16
cde.com 16
centralized 16
client 16
cluster 16
combining 16
commonly 16
compilation 16
components 16
compulsory 16
connect 16
connected 16
control 16
controlling 16
controls 16
cpu 16
dependent 16
depending 16
describe 16
designing 16
devices 16
directory 16
disk 16
dns 16
domain 16
door 16
dynamically 16
easier 16
electronic 16
e-mail 16
email 16
enter 16
equipments 16
fiber 16
file 16
files 16
ftp 16
grid 16
host 16
hosts.txt 16
humanware 16
input 16
instrument 16
integrated 16
interface 16
ip 16
jobs 16
keeps 16
layer 16
lists 16
mail 16
maintenance 16
managing 16
mapping 16
memory 16
mixing 16
mode 16
monitor 16
moreover 16
mouse 16
multimedia 16
multiprogramming 16
names 16
need 16
network 16
networking 16
networks 16
or 16
output 16
papers 16
parces 16
printer 16
processing 16
programmes 16
protection 16
protocol 16
provide 16
provider 16
receiver 16
redirection 16
registration 16
reliable 16
remember 16
runs 16
safe 16
scanner 16
scheduling 16
sender 16
sending 16
serial 16
serve 16
signal 16
signals 16
silicon 16
soap 16
specially 16
storage 16
store 16
suit 16
suitable 16
suite 16
system 16
tasks 16
tcp 16
therefore 16
timer 16
transfer 16
transmission 16
transmitter 16
unit 16
url 16
useful 16
user 16
users 16
uses 16
valid 16
vehicle 16
vehicles 16
visible 16
wait 16
; 17
1867 17
52 17
600 17
administrative 17
appears 17
assamese 17
belgium 17
beyond 17
celtic 17
charles 17
cletis 17
colonial 17
communities 17
consonantal 17
de 17
dialect 17
dialects 17
dignity 17
diversified 17
divisions 17
earlier 17
empire 17
empires 17
english 17
entire 17
evolved 17
farsi 17
france 17
french 17
gall 17
galls 17
gaul 17
gauls 17
geographically 17
german 17
germans 17
germany 17
gol 17
gols 17
grammar 17
greeks 17
hindi 17
historically 17
indo-aryan 17
indo-european 17
invader 17
isolated 17
language 17
languages 17
latin 17
local 17
-lsb- 17
luxembourg 17
medieval 17
newly 17
norman 17
normans 17
northern 17
occupied 17
official 17
oldest 17
originated 17
oriya 17
pali 17
paris 17
period 17
practiced 17
prakrit 17
prakrits 17
prevalent 17
pronunciation 17
roman 17
romans 17
-rsb- 17
sanskrit 17
shift 17
similarities 17
soil 17
sound 17
spanish 17
speak 17
speaking 17
spoken 17
spread 17
stable 17
style 17
sub 17
switzerland 17
taught 17
tribal 17
tribe 17
tribes 17
unorganized 17
urdu 17
verbs 17
versatile 17
vocabulary 17
widely 17
win 17
witness 17
? 18
ability 18
adequate 18
akin 18
allowed 18
alms 18
alone 18
always 18
am 18
angel 18
any 18
anything 18
attitude 18
avoid 18
be 18
burnt 18
ca 18
cease 18
cerebral 18
clean 18
complain 18
condition 18
consider 18
continue 18
could 18
cure 18
did 18
difficult 18
do 18
does 18
done 18
else 18
enemy 18
enough 18
entirely 18
everything 18
fear 18
feel 18
feelings 18
fees 18
finding 18
finds 18
further 18
future 18
get 18
give 18
go 18
happen 18
happy 18
heart 18
however 18
i 18
if 18
impossible 18
indicate 18
inform 18
instead 18
it 18
judgment 18
kindly 18
know 18
le 18
learn 18
let 18
look 18
looking 18
loved 18
mackisk 18
make 18
manner 18
me 18
might 18
mind 18
mistakes 18
must 18
never 18
no 18
not 18
nothing 18
n't 18
offer 18
permitted 18
possible 18
properly 18
prove 18
rather 18
read 18
reading 18
regarding 18
remained 18
remove 18
replied 18
represent 18
representing 18
right 18
said 18
sake 18
save 18
say 18
says 18
send 18
should 18
similarly 18
so 18
someone 18
sort 18
stand 18
sure 18
surely 18
surgery 18
take 18
tasawuf 18
tasawwuf 18
tell 18
that 18
themselves 18
then 18
they 18
thing 18
think 18
thought 18
thrown 18
to 18
told 18
totally 18
treatment 18
turkish 18
turn 18
ulma 18
unable 18
want 18
we 18
what 18
whatever 18
whenever 18
wherever 18
why 18
will 18
willing 18
without 18
would 18
wrong 18
you 18
your 18
. 19
1919 19
acquainted 19
active 19
adolf 19
aim 19
became 19
begins 19
broken 19
clear 19
closer 19
communist 19
consciousness 19
discrimination 19
drive 19
group 19
had 19
idealism 19
imperialism 19
influenced 19
influential 19
involvement 19
islami 19
islamic 19
joined 19
kamal 19
khilafat 19
leader 19
meetings 19
movement 19
movements 19
muslim 19
muzaffar 19
nazrul 19
non 19
non-cooperation 19
opportunity 19
participation 19
pasa 19
pasha 19
pioneer 19
prominent 19
rebel 19
rebellion 19
revolt 19
revolution 19
role 19
samaj 19
socialist 19
socialistic 19
strongly 19
succeeded 19
supporter 19
torture 19
turkey 19
turks 19
1776 20
1870 20
1910 20
= 20
about 20
acceptable 20
accepted 20
adam 20
agreed 20
alfred 20
applicable 20
article 20
ascribed 20
assumptions 20
background 20
basic 20
bazaar 20
broader 20
capitalism 20
classification 20
concept 20
concise 20
considered 20
contemporary 20
context 20
creation 20
critical 20
criticism 20
criticisms 20
criticized 20
david 20
debate 20
definition 20
depression 20
described 20
detailed 20
differences 20
discussed 20
discussion 20
doctrine 20
economics 20
economist 20
economists 20
economy 20
elementary 20
employment 20
essay 20
examples 20
explained 20
explanations 20
expression 20
fair 20
frame 20
generator 20
harshly 20
heterodox 20
idea 20
idealistic 20
identity 20
ideology 20
institutional 20
involving 20
john 20
karl 20
keeping 20
keynesian 20
macro 20
mainstream 20
malthus 20
marx 20
marxian 20
marxist 20
matters 20
mentality 20
mill 20
mixture 20
neo 20
neoclassical 20
opinion 20
opinions 20
original 20
overcome 20
preliminary 20
presentation 20
principle 20
principles 20
realistic 20
referred 20
reflected 20
regarded 20
robert 20
samuelson 20
sciences 20
self 20
smith 20
social 20
society 20
sometimes 20
stated 20
stating 20
stuart 20
summary 20
sympathy 20
synonym 20
termed 20
theme 20
thoughts 20
topic 20
treated 20
truth 20
unlimited 20
unrealistic 20
unselfish 20
utilization 20
valuable 20
views 20
wealth 20
welfare 20
1917 21
610 21
advent 21
axis 21
barbican 21
biggest 21
bolsheviks 21
catholic 21
changed 21
christian 21
christianity 21
church 21
closed 21
collapsed 21
conquered 21
contact 21
continuously 21
country 21
culture 21
cultures 21
damaged 21
decline 21
down 21
dynasty 21
elizabeth 21
emerged 21
ended 21
ends 21
entered 21
enters 21
europe 21
fall 21
fallen 21
fought 21
fourth 21
friendly 21
furious 21
grand 21
greatly 21
henry 21
iberian 21
ii 21
ipa 21
jack 21
largest 21
millennium 21
monarchy 21
moscow 21
occurred 21
of 21
petersburg 21
physically 21
position 21
queen 21
reign 21
revolutionaries 21
rome 21
russia 21
russian 21
safety 21
saint 21
severely 21
sixth 21
societies 21
soviet 21
strictly 21
subsequent 21
sydney 21
the 21
transferred 21
warfare 21
welcomed 21
worlds 21
yongle 21
3000 22
40 22
all 22
also 22
apart 22
are 22
bars 22
besides 22
bus 22
compared 22
contains 22
customs 22
different 22
dresses 22
educated 22
engaged 22
enthusiasm 22
especially 22
etc. 22
festivals 22
functions 22
have 22
here 22
heritages 22
hundred 22
impressed 22
like 22
liked 22
lots 22
many 22
more 22
multinational 22
numerous 22
ones 22
opera 22
organize 22
other 22
others 22
pattern 22
places 22
plants 22
professionals 22
races 22
scholars 22
several 22
shops 22
some 22
stages 22
streams 22
symbol 22
than 22
them 22
there 22
these 22
those 22
too 22
tourism 22
traditions 22
understand 22
various 22
were 22
acquiring 23
addition 23
advertisement 23
algebra 23
algebraic 23
alive 23
analytical 23
angle 23
arithmetic 23
arithmetics 23
aspect 23
aspects 23
astrology 23
astronomy 23
automation 23
babylonian 23
babylonians 23
beautiful 23
better 23
calculate 23
calculation 23
calculations 23
calender 23
certain 23
circle 23
cited 23
cloth 23
communicate 23
complex 23
complexity 23
compound 23
concerned 23
conclusions 23
contain 23
containing 23
corn 23
correct 23
counting 23
creating 23
crop 23
cube 23
cuneiform 23
definitely 23
differently 23
discrete 23
drawn 23
easily 23
easy 23
equations 23
everywhere 23
exact 23
experience 23
experienced 23
experiment 23
experimentation 23
expertise 23
express 23
expressing 23
extra 23
extremely 23
find 23
following 23
forecast 23
formula 23
foundations 23
founders 23
generally 23
geometrical 23
geometry 23
identify 23
infact 23
instruments 23
knew 23
knowledge 23
lighting 23
linear 23
marginality 23
material 23
math 23
mathematical 23
mathematics 23
mccloskey 23
methods 23
models 23
motors 23
much 23
multiplication 23
negative 23
numbers 23
numerical 23
objects 23
often 23
ordinary 23
otherwise 23
outcome 23
performs 23
pictures 23
planets 23
positions 23
practices 23
predict 23
prevailing 23
problem 23
problems 23
procedure 23
proof 23
proofs 23
properties 23
property 23
pursuit 23
quadratic 23
quality 23
quick 23
quite 23
rational 23
real 23
receive 23
receiving 23
refers 23
required 23
results 23
root 23
roots 23
satisfy 23
scientists 23
selection 23
signs 23
simple 23
simplicity 23
simplified 23
solve 23
solved 23
solving 23
something 23
specific 23
subjects 23
subtraction 23
sufficient 23
symbols 23
tablets 23
taslima 23
technical 23
technique 23
technologies 23
ten 23
tense 23
tenses 23
tesla 23
theorem 23
theorems 23
theoretical 23
tiny 23
track 23
transformation 23
true 23
universal 23
universe 23
unlike 23
unnecessary 23
use 23
yet 23
1.0 24
10 24
1983 24
2000 24
2001 24
2002 24
2003 24
2004 24
2005 24
2007 24
20 24
22 24
2 24
26 24
300 24
39 24
90 24
99 24
amsterdam 24
arrival 24
before 24
cancer 24
download 24
downloaded 24
early 24
efforts 24
engine 24
essays 24
florida 24
homepage 24
jimmy 24
larry 24
launched 24
lee 24
mailing 24
nupedia 24
publish 24
sanger 24
set 24
settlements 24
version 24
volumes 24
wales 24
wikimedia 24
wikipedia 24
within 24
" 25
“ 25
” 25
@ 25
adjective 25
adjectives 25
are- 25
as 25
blanche 25
blog 25
blogger 25
cafe 25
called 25
car 25
comparison 25
compute 25
conversation 25
definite 25
derived 25
diode 25
dit 25
donated 25
etre 25
evan 25
example 25
feminine 25
form 25
gender 25
hawaiian 25
indicates 25
intelligence 25
is 25
je 25
known 25
labs 25
lawrence 25
marked 25
meaning 25
means 25
napier 25
ne 25
negation 25
news 25
nikola 25
noun 25
nouns 25
origin 25
particularly 25
pas 25
passive 25
phrase 25
plural 25
posts 25
prithvi 25
pronoun 25
pronouns 25
pyra 25
sais 25
see 25
singular 25
slogan 25
spelling 25
talk 25
term 25
today 25
une 25
used 25
vaginae 25
values 25
verb 25
verbal 25
voice 25
voiture 25
walking 25
weblog 25
white 25
williams 25
word 25
yourself 25
1889 26
1899 26
1976 26
- 26
: 26
— 26
322 26
amartya 26
amateur 26
author 26
bangladeshi 26
bengali 26
birth 26
births 26
born 26
category 26
citizenship 26
class 26
composer 26
conditional 26
content 26
contents 26
copyright 26
ctegory 26
d 26
dec 26
ethnicity 26
feminist 26
follows 26
four 26
given 26
greatest 26
honored 26
imperative 26
indian 26
introduced 26
iron 26
laureate 26
legion 26
lyricist 26
mater 26
matter 26
musician 26
nobel 26
novelist 26
oceania 26
peace 26
phalke 26
philosopher 26
prize 26
professor 26
roles 26
scientist 26
secondary 26
sentence 26
special 26
subject 26
subject-class 26
subjectclass 26
subject-line 26
sweden 26
topics 26
winner 26
writer 26
writers 26
1990s 27
2.0 27
< 27
> 27
882 27
883 27
add 27
added 27
alternate 27
anandabazar 27
anandbazar 27
antigenic 27
anybody 27
anyone 27
apache 27
apple 27
arrangement 27
articles 27
asynchronous 27
attribute 27
audio 27
based 27
berkeley 27
bloggers 27
blogging 27
blogs 27
browser 27
browsers 27
browsing 27
burning 27
cache 27
calendar 27
cell 27
clients 27
collection 27
combination 27
comment 27
comments 27
consist 27
contained 27
contribute 27
current 27
daniel 27
diary 27
display 27
edition 27
everybody 27
evolution 27
extension 27
facilities 27
facility 27
features 27
firefox 27
forum 27
google 27
gregorian 27
headings 27
hosting 27
html 27
http 27
hyperlink 27
hypertext 27
id 27
identical 27
implementation 27
incorporated 27
incremental 27
inspector 27
internet 27
kind 27
launch 27
linked 27
list 27
lucene 27
media 27
mediawiki 27
mostly 27
mozilla 27
multilingual 27
mysql 27
nero 27
node 27
observing 27
online 27
outlook 27
page 27
pages 27
particular 27
php 27
player 27
portal 27
posted 27
posting 27
processors 27
programme 27
provided 27
provides 27
providing 27
proxy 27
reader 27
readers 27
regular 27
relevant 27
requests 27
rfc 27
rom 27
routing 27
safari 27
scripting 27
search 27
searching 27
server 27
servers 27
service 27
sharing 27
site 27
specification 27
squid 27
suggested 27
tabbed 27
tags 27
thread 27
thunderbird 27
u 27
unicode 27
update 27
updated 27
using 27
video 27
videos 27
viewing 27
web 27
website 27
websites 27
welcome 27
wide 27
wiki 27
wikkipedia 27
yahoo 27
youtube 27
zine 27
1908 28
1945 28
abide 28
alois 28
ann 28
barack 28
biography 28
boy 28
chancellor 28
child 28
court 28
cross 28
daughters 28
dunham 28
employees 28
father 28
hitler 28
hussein 28
irish 28
lolo 28
macedonia 28
macedonian 28
mother 28
obama 28
parents 28
profession 28
salam 28
selected 28
seven 28
twice 28
when 28
youth 28
1950 29
1956 29
1973 29
21 29
accordance 29
act 29
addressed 29
administrators 29
alliance 29
appeal 29
ban 29
bicameral 29
bjp 29
bush 29
cabinet 29
central 29
charged 29
chief 29
citizen 29
coalition 29
commons 29
commonwealth 29
comprising 29
consists 29
constitution 29
constitutional 29
council 29
courts 29
democratic 29
destructive 29
direct 29
dispute 29
draft 29
elected 29
election 29
executive 29
five 29
formed 29
founder 29
general 29
george 29
having 29
headed 29
indirectly 29
interim 29
judicial 29
jurisdiction 29
justice 29
law 29
laws 29
legal 29
legislative 29
legislature 29
linguistic 29
lok 29
maximum 29
member 29
members 29
membership 29
menstrual 29
minister 29
ministers 29
namely 29
nations 29
owner 29
p 29
parliament 29
parliamentary 29
president 29
presidential 29
prime 29
proposed 29
provisional 29
rajya 29
ranked 29
representatives 29
republic 29
responsibility 29
responsible 29
rights 29
sabha 29
scope 29
seats 29
secretary 29
secured 29
security 29
senator 29
singh 29
state 29
subordinate 29
supporters 29
supreme 29
territories 29
tests 29
trying 29
under 29
union 29
uno 29
upa 29
veto 29
virtue 29
vote 29
voting 29
ward 29
above 30
acts 30
between 30
c-in-c 30
communication 30
completely 30
connection 30
connections 30
depend 30
description 30
external 30
hardware 30
help 30
helps 30
internal 30
link 30
links 30
malik 30
ohm 30
outer 30
out-links 30
outside 30
relation 30
require 30
space 30
traveling 30
virtual 30
/ 31
64 31
</address> 31
<address> 31
ajax 31
amd 31
carried 31
carrier 31
categories 31
chain 31
classes 31
classified 31
collected 31
compiled 31
count 31
data 31
dates 31
diagnosis 31
divided 31
documented 31
earth 31
encyclopedia 31
error 31
events 31
exchanges 31
extensive 31
fact 31
facts 31
format 31
formatting 31
frequency 31
generation 31
hyper 31
ieee 31
incidents 31
information 31
informations 31
informatory 31
into 31
javascript 31
kamasutra 31
lab 31
markup 31
mentioned 31
modification 31
nomenclature 31
numeric 31
one 31
open 31
planet 31
raw 31
reference 31
references 31
satellite 31
smallest 31
source 31
sources 31
stored 31
text 31
texts 31
through 31
transmit 31
type 31
types 31
undecided 31
unsolved 31
which 31
xml 31
zone 31
2009 32
ache 32
affected 32
animal 32
assumed 32
attached 32
avian 32
aware 32
banglapedia 32
beings 32
bird 32
birds 32
blood 32
bodies 32
brain 32
breathing 32
britannica 32
calling 32
careful 32
cause 32
caused 32
cold 32
community 32
conscious 32
cough 32
coughing 32
detected 32
diagnosed 32
disease 32
diseases 32
doctors 32
earliest 32
edgar 32
effected 32
encouraged 32
endemic 32
epidemic 32
estimated 32
expand 32
extinction 32
far 32
fashion 32
fate 32
feeling 32
fever 32
flu 32
flue 32
fluid 32
found 32
frontal 32
generated 32
gutiarez 32
gutierrez 32
h1n1 32
handkerchief 32
harmful 32
headache 32
health 32
healthy 32
helpful 32
homo 32
human 32
humans 32
identified 32
immune 32
immunity 32
infect 32
infected 32
influenza 32
keep 32
kitab 32
lobe 32
loss 32
naturally 32
noticed 32
observed 32
obtained 32
oneself 32
originates 32
pain 32
pandemic 32
patient 32
patients 32
pcr 32
person 32
phlegm 32
pig 32
pigs 32
presence 32
presumed 32
prevent 32
preventing 32
prevention 32
recover 32
reported 32
resistance 32
respiratory 32
reverse 32
saliva 32
sample 32
sapiens 32
seasonal 32
seen 32
severe 32
similar 32
sneezing 32
spreads 32
strain 32
suffer 32
suffered 32
suffering 32
survived 32
suspected 32
swain 32
swine 32
symptoms 32
thinks 32
threat 32
throat 32
tract 32
transcription 32
virus 32
viruses 32
weight 32
wild 32
192 33
200 33
° 33
33 33
43 33
4,671 33
7,517 33
across 33
affiliated 33
africa 33
aggression 33
alaska 33
alps 33
andaman 33
andorra 33
archipelago 33
arctic 33
asia 33
asian 33
atlantic 33
atmosphere 33
australia 33
banks 33
barrier 33
bases 33
bay 33
beaches 33
boarder 33
border 33
borders 33
boundary 33
brown 33
caribbean 33
channel 33
china 33
climate 33
coast 33
coastal 33
coasts 33
comprised 33
comprises 33
concentrated 33
constituted 33
continent 33
contrary 33
coral 33
covered 33
crossing 33
deccan 33
deep 33
delta 33
desert 33
districts 33
dominated 33
easter 33
eastern 33
emerging 33
eurasian 33
except 33
expanded 33
extend 33
extended 33
extending 33
extends 33
extent 33
foot 33
forest 33
forests 33
ganga 33
ganges 33
gangetic 33
garonne 33
geographical 33
ghat 33
ghats 33
gondwana 33
grass 33
greater 33
green 33
harmony 33
hills 33
hilly 33
himalaya 33
himalayan 33
himalayas 33
hong 33
ice 33
indonesia 33
inhabitants 33
inhabited 33
island 33
islands 33
jharkhand 33
kilometer 33
kilometers 33
kilometres 33
kingdoms 33
km 33
kong 33
korea 33
korean 33
lake 33
lakshadweep 33
land 33
lands 33
lanka 33
latitude 33
lies 33
location 33
locations 33
longitude 33
lying 33
mahal 33
mainland 33
maintains 33
malaysia 33
maldives 33
marshy 33
mediterranean 33
mere 33
mile 33
miles 33
monsoon 33
mountain 33
mountainous 33
mountains 33
myanmar 33
naval 33
nearby 33
nearest 33
neighboring 33
nice 33
nicobar 33
nippon 33
north 33
north-east 33
north-eastern 33
north-west 33
ocean 33
oceans 33
off 33
pacific 33
parallel 33
parks 33
part 33
parts 33
peninsula 33
peninsular 33
plain 33
plains 33
plane 33
plate 33
plateau 33
plays 33
politically 33
portion 33
protected 33
provinces 33
queensland 33
range 33
ranges 33
rank 33
reef 33
region 33
regions 33
representation 33
rhone 33
rice 33
rising 33
river 33
rivers 33
rocky 33
scotland 33
sea 33
separated 33
settled 33
settlement 33
shelter 33
side 33
sides 33
situated 33
smaller 33
south 33
south-east 33
south-eastern 33
southern 33
south-west 33
south-western 33
sri 33
strait 33
stretches 33
subcontinent 33
surrounded 33
taiwan 33
tasmania 33
tectonic 33
territory 33
thar 33
touches 33
trafalgar 33
trees 33
tropical 33
tunnel 33
ural 33
uss 33
valley 33
vast 33
victoria 33
volcanic 33
western 33
westminister 33
widespread 33
wind 33
winds 33
abraham 34
al 34
allah 34
'an 34
arab 34
arabian 34
arabic 34
arose 34
ayat 34
belief 34
believe 34
believed 34
believes 34
belong 34
bihari 34
books 34
buddhism 34
characteristic 34
christians 34
consent 34
conservation 34
corrected 34
correctly 34
creator 34
culturally 34
diverse 34
drain 34
faith 34
followers 34
god 34
hadis 34
hadith 34
hindu 34
holy 34
islam 34
jain 34
jews 34
koran 34
kuraan 34
kuran 34
largely 34
leaf 34
messages 34
messenger 34
mistake 34
mix 34
monotheistic 34
muhammad 34
muslims 34
nabi 34
namaz 34
noted 34
only 34
originally 34
perfect 34
pillars 34
plant 34
prayer 34
preached 34
preaching 34
prophet 34
prophets 34
pure 34
qu 34
qur 34
quran 34
'ran 34
religion 34
religions 34
religious 34
sermons 34
shah 34
similarity 34
sm 34
speeches 34
sura 34
surah 34
talks 34
terminology 34
torah 34
tradition 34
translated 34
tree 34
two 34
words 34
worship 34
yehudi 34
10th 35
11th 35
12th 35
14 35
144 35
14th 35
15 35
15th 35
16 35
16th 35
17 35
17th 35
1918 35
1923 35
19 35
1949 35
1953 35
1954 35
1955 35
1957 35
1958 35
1961 35
1962 35
1972 35
1999 35
1st 35
2008 35
21st 35
23 35
23rd 35
24 35
24th 35
25 35
26th 35
27 35
28th 35
29th 35
2nd 35
30th 35
4 35
44th 35
4th 35
5th 35
7 35
7th 35
8 35
8th 35
9th 35
agreement 35
aid 35
anniversary 35
august 35
austrian 35
autumn 35
broke 35
cancelled 35
convention 35
dead 35
deaths 35
december 35
detained 35
dropped 35
february 35
forth 35
friendship 35
g 35
granted 35
hours 35
illinois 35
january 35
journey 35
july 35
june 35
late 35
march 35
may 35
ministry 35
mirza 35
monday 35
month 35
morning 35
narayanganj 35
november 35
oath 35
october 35
officially 35
on 35
placed 35
protect 35
rainy 35
released 35
resigned 35
season 35
senate 35
sentenced 35
september 35
session 35
signed 35
summer 35
th 35
tigers 35
tour 35
trial 35
unknown 35
winter 35
year 35
1948 36
1969 36
1977 36
25th 36
abdur 36
absolute 36
abstained 36
accept 36
acceptance 36
accused 36
action 36
agartala 36
agenda 36
aggrieved 36
agitation 36
ahamad 36
allegations 36
angry 36
announced 36
arranged 36
arrangements 36
arrest 36
assembly 36
autonomy 36
awami 36
ayub 36
bangabandhu 36
banned 36
behalf 36
bhashani 36
bhutto 36
call 36
candidate 36
captain 36
ceasefire 36
charter 36
claim 36
committed 36
committee 36
communal 36
conduct 36
conducted 36
conference 36
conspiracy 36
cooperation 36
countrywide 36
cyclone 36
decided 36
decision 36
declare 36
declared 36
declaring 36
delivered 36
demanded 36
demanding 36
demands 36
denied 36
elections 36
eleven 36
emergency 36
farman 36
favor 36
forming 36
freed 36
front 36
governance 36
handed 36
hasina 36
himself 36
historians 36
immediate 36
immediately 36
imposed 36
initiative 36
insurgency 36
issued 36
jatiyo 36
jinnah 36
journalists 36
kept 36
khaja 36
khan 36
killings 36
leaded 36
leaders 36
leadership 36
league 36
leather 36
lectures 36
led 36
maidan 36
majority 36
marshal 36
martial 36
maulana 36
meet 36
meeting 36
midnight 36
mujib 36
mujibar 36
mujibur 36
murder 36
nationalism 36
nazimuddin 36
observe 36
officers 36
officials 36
.on 36
opponent 36
opposed 36
opposition 36
order 36
ordered 36
orders 36
ordinance 36
our 36
paltan 36
parishad 36
participate 36
parties 36
party 36
plan 36
planning 36
points 36
presented 36
prior 36
proceedings 36
procession 36
proclaimed 36
prohibited 36
proposal 36
proposals 36
protested 36
provincial 36
publicly 36
put 36
rahaman 36
rahimuddin 36
rahman 36
rally 36
rao 36
rashid 36
rear 36
recognize 36
rehana 36
rehman 36
rejected 36
release 36
relief 36
representative 36
resolution 36
response 36
round 36
saikh 36
sangram 36
seat 36
secretariat 36
securities 36
seikh 36
sekh 36
separatist 36
shaikh 36
sheikh 36
shekh 36
situation 36
six 36
sk 36
sohrawardi 36
speech 36
statement 36
stopped 36
strategy 36
strike 36
student 36
students 36
suhrawardy 36
support 36
supported 36
survival 36
title 36
understanding 36
unless 36
unrest 36
uprising 36
vice 36
votes 36
withdrawal 36
workers 36
yahia 36
yahya 36
zia 36
ziaur 36
zulfikar 36
1911 37
1922 37
1928 37
1984 37
1997 37
22nd 37
27th 37
! 37
' 37
alo 37
anthology 37
atmakahini 37
autobiography 37
badal 37
bajao 37
bangla 37
bazar 37
bharat 37
bharatkosh 37
bidrohi 37
book 37
collections 37
comet 37
composed 37
composition 37
creations 37
da 37
daily 37
dainik 37
dan 37
dhumketu 37
dictionary 37
e 37
edited 37
editions 37
em 37
epic 37
ever 37
expressed 37
gaan 37
gen. 37
ghore 37
ghumer 37
grammer 37
hena 37
i.e. 37
imprisoned 37
isbn 37
journal 37
kalidas 37
kheya 37
kheya-parer 37
ki 37
kon 37
letter 37
-lrb- 37
magazine 37
magazines 37
mahabharata 37
meher 37
message 37
moslem 37
my 37
named 37
negar 37
newspaper 37
newspapers 37
nonsense 37
novel 37
novels 37
oaths 37
paper 37
patrika 37
photo 37
poem 37
poems 37
prater 37
prose 37
prothom 37
publication 37
published 37
re 37
repeatedly 37
report 37
review 37
riemann 37
-rrb- 37
sandesh 37
seeing 37
sharab 37
sitting 37
song 37
stories 37
tale 37
tarani 37
tome 37
translation 37
twelve 37
where 37
writing 37
writings 37
written 37
wrote 37
1914 38
1915 38
1920 38
1921 38
1927 38
1929 38
1934 38
1939 38
1942 38
1952 38
1963 38
1974 38
49 38
9 38
admission 38
admitted 38
after 38
afterwards 38
again 38
arrested 38
at 38
austria 38
away 38
back 38
barrack 38
barracks 38
battalion 38
bavaria 38
breaking 38
brought 38
calcutta 38
came 38
cantonment 38
charges 38
circumstances 38
comilla 38
continued 38
decorated 38
deposition 38
eight 38
end 38
entrance 38
evening 38
exam 38
examination 38
examined 38
fell 38
fort 38
gate 38
gathering 38
gopalganj 38
grew 38
hans 38
hoff 38
hospital 38
hunger 38
imprisonment 38
improving 38
injured 38
islamia 38
jail 38
join 38
joins 38
karachi 38
kolkata 38
kumilla 38
lahore 38
mission 38
missionary 38
months 38
munich 38
mymensingh 38
nejrul 38
nine 38
once 38
onwards 38
passed 38
passing 38
permission 38
presidency 38
prison 38
punished 38
putting 38
quarter 38
rafizullah 38
railway 38
raj 38
ran 38
ranchi 38
raniganj 38
regained 38
replaced 38
residing 38
return 38
returned 38
returning 38
riot 38
same 38
saved 38
sent 38
shop 38
sick 38
simon 38
soldier 38
started 38
station 38
stayed 38
staying 38
streets 38
studying 38
thereafter 38
.this 38
took 38
travelled 38
tried 38
turned 38
up 38
uterine 38
vienna 38
visited 38
was 38
went 38
while 38
12.6 39
$ 39
% 39
according 39
account 39
amphibians 39
annual 39
average 39
billion 39
capita 39
cash 39
causes 39
changes 39
considering 39
controlled 39
decide 39
decreased 39
designated 39
diagram 39
divorce 39
dollar 39
export 39
extinct 39
factors 39
flood 39
floods 39
flow 39
food 39
gdp 39
global 39
growth 39
highest 39
holidays 39
humidity 39
implemented 39
import 39
increase 39
increases 39
increment 39
investment 39
line 39
low 39
lowest 39
malnutrition 39
mammalians 39
minimum 39
nile 39
parity 39
per 39
percent 39
percentage 39
<police 39
ppp 39
purchasing 39
rain 39
rate 39
rates 39
record 39
relating 39
respectively 39
size 39
species 39
station> 39
statistics 39
</student> 39
surface 39
technological 39
total 39
trillion 39
weather 39
whereas 39
yearly 39
1947 40
1965 40
1970 40
administration 40
adopted 40
against 40
aggravated 40
alan 40
allies 40
anti 40
asked 40
assistance 40
assuming 40
assured 40
atom 40
autocracy 40
began 40
beginning 40
berlin 40
bound 40
capturing 40
civil 40
colonization 40
combined 40
confrontation 40
congress 40
consequence 40
consequently 40
continues 40
cordial 40
coup 40
declaration 40
defeated 40
defense 40
democracy 40
despite 40
deteriorated 40
diplomatic 40
discipline 40
dissatisfaction 40
disturbance 40
divide 40
dominance 40
empowered 40
equality 40
exploitation 40
face 40
famine 40
feared 40
fight 40
gaulle 40
getting 40
government 40
governments 40
ideals 40
independence 40
independent 40
inequality 40
initiated 40
instability 40
intervention 40
intimate 40
issue 40
kashmir 40
keyes 40
leading 40
liberal 40
losses 40
margin 40
multi 40
murders 40
nagra 40
negligence 40
nevertheless 40
planned 40
poland 40
political 40
politics 40
post 40
powers 40
preamble 40
principal 40
progressive 40
protest 40
racial 40
republican 40
resulted 40
rise 40
rival 40
rule 40
ruler 40
ruling 40
scale 40
secular 40
secularism 40
sino-indian 40
slavery 40
socialism 40
sovereign 40
spark 40
spite 40
strict 40
strong 40
struggle 40
sub-continent 40
thus 40
towards 40
ultimately 40
unstability 40
unsuccessful 40
victory 40
violence 40
war 40
ware 40
wars 40
weak 40
12 41
1608 41
1610 41
1650 41
1856 41
1905 41
32 41
3rd 41
800 41
acres 41
adjacent 41
airport 41
appointed 41
assam 41
banga 41
bangalore 41
bank 41
bankside 41
baro 41
basilica 41
bengal 41
beside 41
bihar 41
bridge 41
build 41
building 41
built 41
bulbul 41
burial 41
buried 41
buriganga 41
capital 41
capture 41
cathedral 41
celebration 41
center 41
centre 41
chattagram 41
chisti 41
churulia 41
city 41
click 41
colchester 41
constructed 41
continuing 41
convent 41
corner 41
corporation 41
course 41
dacca 41
delhi 41
dhaka 41
district 41
dramatic 41
emperor 41
entertainment 41
established 41
faridpur 41
flights 41
forty 41
founded 41
frontier 41
gaalib 41
garden 41
gardens 41
governor 41
halls 41
hampstead 41
head 41
headquarter 41
headquarters 41
hill 41
hub 41
jahangir 41
jahangirnagar 41
king 41
koshi 41
lane 41
located 41
london 41
lower 41
manhattan 41
mega 41
metro 41
moved 41
mughal 41
mumbai 41
museum 41
near 41
netaji 41
offices 41
palace 41
park 41
partition 41
piccadilly 41
place 41
port 41
province 41
quebec 41
rajmahal 41
recognized 41
repeated 41
residence 41
residential 41
residents 41
road 41
ron 41
royal 41
ruled 41
sculpture 41
separation 41
shifted 41
soho 41
stations 41
stock 41
street 41
subdivision 41
sube 41
subedar 41
suja 41
surrounding 41
telegraph 41
temple 41
thames 41
theaters 41
theatre 41
town 41
village 41
westminster 41
x-ray 41
1971 42
agitated 42
air 42
ally 42
along 42
already 42
ammunition 42
announcement 42
apabhramsa 42
armed 42
armies 42
arms 42
army 42
attack 42
attacked 42
attacking 42
attacks 42
authorities 42
bagura 42
bahini 42
bangladesh 42
battle 42
begun 42
bengalis 42
bonn 42
brutal 42
by 42
camp 42
chittagong 42
clash 42
colonel 42
command 42
commander 42
commander-in-chief 42
confined 42
conflicts 42
curfew 42
dark 42
deprived 42
deputy 42
destroyed 42
east 42
fighter 42
fighters 42
fighting 42
filled 42
fire 42
firing 42
force 42
forces 42
formation 42
freedom 42
gap 42
genocide 42
guerrilla 42
hindus 42
homes 42
horrible 42
indo-pak 42
innocent 42
intellectuals 42
joint 42
killed 42
killing 42
kushtia 42
liberation 42
major 42
mass 42
massacre 42
military 42
mukti 42
muktibahini 42
murdered 42
mutiny 42
navy 42
neglected 42
night 42
nikson 42
nixon 42
officer 42
operation 42
operations 42
out 42
pakistan 42
pakistani 42
pakistanis 42
passengers 42
planes 42
police 42
politicians 42
punjab 42
racecourse 42
regiment 42
reply 42
revolted 42
rifles 42
rulers 42
salvation 42
searchlight 42
secretly 42
section 42
ship 42
soldiers 42
staff 42
stagnant 42
stop 42
storm 42
surrender 42
surrendered 42
suspension 42
tactics 42
temporary 42
training 42
traveled 42
treaty 42
tripura 42
troop 42
troops 42
west 42
with 42
able 43
although 43
avoided 43
because 43
become 43
being 43
but 43
created 43
crisis 43
days 43
disaster 43
due 43
even 43
failed 43
few 43
for 43
going 43
gradually 43
historical 43
hold 43
hydrogen 43
increasing 43
interested 43
itself 43
lack 43
long 43
now 43
over 43
present 43
pressure 43
quickly 43
reason 43
regularly 43
since 43
slowly 43
soon 43
start 43
still 43
taking 43
this 43
though 43
throughout 43
time 43
times 43
trained 43
whole 43
0 44
accordingly 44
aggregates 44
amar 44
amount 44
balance 44
budget 44
buy 44
buyer 44
buyers 44
celsius 44
cheap 44
chemical 44
choose 44
closing 44
cloud 44
commodity 44
connecting 44
considers 44
consumer 44
consumers 44
cost 44
curve 44
decrease 44
demand 44
depended 44
determine 44
determined 44
determines 44
distributed 44
duty 44
edison 44
equilibrium 44
estimate 44
eventually 44
existing 44
factor 44
falls 44
feedback 44
fixed 44
flowing 44
gas 44
gaseous 44
gold 44
good 44
goods 44
graph 44
hidden 44
indicated 44
intention 44
kagoj 44
labor 44
laborer 44
laborers 44
labour 44
less 44
lines 44
marks 44
meant 44
measures 44
melting 44
occurs 44
point 44
price 44
produce 44
producer 44
producers 44
product 44
profitable 44
purbanchal 44
purchase 44
quantities 44
quantity 44
radio 44
reaches 44
ready 44
reflection 44
remaining 44
represented 44
salary 44
seller 44
shortage 44
silver 44
sold 44
solid 44
spectacular 44
statue 44
steam 44
stores 44
strength 44
supplied 44
supplies 44
supply 44
table 44
tag 44
taxes 44
temperature 44
upon 44
utility 44
value 44
vapor 44
warship 44
water 44
wireless 44
anime 45
area 45
areas 45
beauty 45
behind 45
big 45
bridges 45
britain 45
centrally 45
cities 45
considerably 45
defeat 45
densely 45
emperors 45
establishments 45
families 45
fast 45
gained 45
geography 45
great 45
heavy 45
houses 45
huge 45
important 45
japan 45
japanese 45
kings 45
large 45
larger 45
mean 45
metropolitan 45
minority 45
most 45
nihon 45
peaceful 45
populated 45
rich 45
routes 45
significant 45
small 45
spreading 45
terrorism 45
tokyo 45
tower 45
urban 45
very 45
villages 45
weapons 45
witnessed 45
1930 46
1960 46
actual 46
affect 46
affecting 46
affects 46
aggregate 46
alcohol 46
analyze 46
analyzed 46
analyzing 46
argued 46
argument 46
attempts 46
bad 46
behavior 46
below 46
bring 46
broad 46
buying 46
capitalist 46
cases 46
change 46
changing 46
choice 46
collective 46
commodities 46
competition 46
competitive 46
conditions 46
consideration 46
constant 46
constraints 46
consumption 46
corollary 46
costly 46
costs 46
criticizing 46
deciding 46
decisions 46
decreases 46
define 46
defining 46
dependence 46
depends 46
determination 46
difference 46
discussions 46
earning 46
effect 46
effects 46
equal 46
examining 46
excess 46
expenditure 46
expenses 46
explain 46
explains 46
exporting 46
farmers 46
focused 46
forward 46
framework 46
full 46
fully 46
functional 46
humane 46
hume 46
hypothetical 46
imaginary 46
importance 46
imposing 46
.in 46
includes 46
income 46
index 46
individual 46
inflation 46
influence 46
influences 46
inter 46
interest 46
interrelationship 46
invisible 46
.it 46
items 46
keynes 46
lasting 46
lifestyle 46
limited 46
logically 46
longer 46
macroeconomics 46
makes 46
marginal 46
market 46
markets 46
maximization 46
maynard 46
measure 46
measurement 46
microeconomics 46
mixed 46
money 46
monopoly 46
move 46
moves 46
nature 46
objectives 46
observational 46
observations 46
obstacles 46
owners 46
partial 46
perspective 46
positive 46
poverty 46
practical 46
practically 46
practice 46
preference 46
previous 46
prices 46
producing 46
production 46
profit 46
profits 46
ratio 46
reaction 46
reality 46
reflect 46
reflects 46
relationship 46
relatively 46
remain 46
respect 46
sale 46
satisfaction 46
scarcity 46
sense 46
show 46
showed 46
sided 46
solution 46
stability 46
standard 46
structural 46
structures 46
studies 46
tax 46
tendency 46
theoretically 46
theories 46
theory 46
things 46
tries 46
try 46
unchanged 46
understood 46
unemployment 46
unhappy 46
viewpoint 46
wages 46
worker 46
writes 46
19th 47
28 47
abroad 47
activities 47
adviser 47
affairs 47
agencies 47
agricultural 47
agriculture 47
and 47
assigned 47
atomic 47
australian 47
automobile 47
bigger 47
bullet 47
business 47
bussiness 47
centers 47
chemicals 47
commerce 47
commission 47
companies 47
contribution 47
cultural 47
currency 47
cycle 47
deal 47
defence 47
department 47
developmental 47
domestic 47
driven 47
driving 47
economical 47
electronics 47
element 47
emergence 47
energy 47
equipment 47
euro 47
field 47
foods 47
foreign 47
fund 47
globalization 47
governmental 47
humanitarian 47
industrial 47
industries 47
industry 47
infosys 47
infrastructure 47
investments 47
jute 47
main 47
manufacturing 47
mine 47
mines 47
organisation 47
organization 47
organizations 47
petroleum 47
products 47
purposes 47
registered 47
regulation 47
reserve 47
rickshaw 47
rickshaws 47
roads 47
rural 47
saarc 47
sector 47
segment 47
share 47
shoguns 47
significantly 47
sphere 47
strategic 47
<student 47
tea 47
.the 47
trade 47
trades 47
traffic 47
transport 47
transportation 47
wheat 47
1944 48
1951 48
1996 48
1998 48
agency 48
architects 48
association 48
authority 48
boxing 48
celebrated 48
club 48
co-operation 48
cricket 48
cup 48
dhanmondi 48
directing 48
event 48
exercise 48
federation 48
federations 48
figure 48
football 48
game 48
games 48
ground 48
handball 48
held 48
hockey 48
intellectual 48
international 48
janata 48
jatiya 48
kabadi 48
kho 48
levels 48
m 48
martyrs 48
masters 48
medal 48
memorial 48
minar 48
mirpur 48
monument 48
national 48
olympic 48
organised 48
organized 48
played 48
players 48
playing 48
pool 48
pre 48
rayer 48
recognition 48
shahid 48
sher-e-bangla 48
sports 48
stadium 48
status 48
swimming 48
team 48
tennis 48
test 48
tiger 48
top 48
tournament 48
tournaments 48
venue 48
winning 48
abstract 49
advancement 49
advised 49
alternative 49
analyses 49
analysis 49
analyzes 49
applications 49
applied 49
applying 49
arguments 49
asymmetry 49
automatic 49
awareness 49
behaviors 49
branch 49
branches 49
capability 49
carry 49
characteristics 49
classifications 49
collecting 49
common 49
comparative 49
concepts 49
conducting 49
continuous 49
contract 49
controversy 49
creates 49
crops 49
deals 49
defined 49
departments 49
dependable 49
describes 49
determining 49
developing 49
development 49
developments 49
discuss 49
discusses 49
distribute 49
distribution 49
doing 49
econometrics 49
economic 49
efficiency 49
efficient 49
elements 49
employed 49
ensure 49
enterprises 49
environment 49
environmental 49
essential 49
establishing 49
evaluation 49
excessive 49
exchange 49
exchanging 49
experimental 49
experiments 49
explanation 49
failure 49
farm 49
fields 49
finance 49
financial 49
firm 49
firms 49
focus 49
follow 49
fulfill 49
fundamental 49
gives 49
helping 49
how 49
ideal 49
ideas 49
impact 49
imperfect 49
importing 49
included 49
incomplete 49
individuals 49
ingredients 49
institutions 49
invaluable 49
issues 49
laboratory 49
layers 49
macroeconomic 49
maintain 49
maintaining 49
management 49
managerial 49
manufacture 49
materials 49
mechanics 49
mechanism 49
method 49
microelectronics 49
model 49
monetary 49
moral 49
natural 49
necessary 49
necessity 49
observation 49
office> 49
oil 49
organizational 49
ownership 49
parameters 49
phases 49
policies 49
policy 49
pollution 49
<post 49
priority 49
process 49
processes 49
productions 49
projects 49
proper 49
publishes 49
quantitative 49
reactions 49
regulations 49
related 49
relations 49
resource 49
resources 49
revenue 49
risk 49
rules 49
satisfies 49
sectors 49
services 49
skill 49
solutions 49
statistical 49
stream 49
structure 49
subset 49
uncertainty 49
units 49
unity 49
usable 49
variables 49
verification 49
view 49
